2025-12-26T18:53:53.297+01:00  INFO 22284 --- [backend] [restartedMain] c.trainhub.backend.BackendApplication    : Starting BackendApplication using Java 23.0.1 with PID 22284 (C:\xxx\dev\tfg\repo\backend\target\classes started by 93ado in C:\xxx\dev\tfg\repo\backend)
2025-12-26T18:53:53.297+01:00  INFO 22284 --- [backend] [restartedMain] c.trainhub.backend.BackendApplication    : No active profile set, falling back to 1 default profile: "default"
2025-12-26T18:53:53.471+01:00  INFO 22284 --- [backend] [restartedMain] .s.d.r.c.RepositoryConfigurationDelegate : Bootstrapping Spring Data JPA repositories in DEFAULT mode.
2025-12-26T18:53:53.488+01:00  INFO 22284 --- [backend] [restartedMain] .s.d.r.c.RepositoryConfigurationDelegate : Finished Spring Data repository scanning in 15 ms. Found 1 JPA repository interface.
2025-12-26T18:53:53.603+01:00  INFO 22284 --- [backend] [restartedMain] o.s.b.w.embedded.tomcat.TomcatWebServer  : Tomcat initialized with port 8080 (http)
2025-12-26T18:53:53.605+01:00  INFO 22284 --- [backend] [restartedMain] o.apache.catalina.core.StandardService   : Starting service [Tomcat]
2025-12-26T18:53:53.605+01:00  INFO 22284 --- [backend] [restartedMain] o.apache.catalina.core.StandardEngine    : Starting Servlet engine: [Apache Tomcat/10.1.50]
2025-12-26T18:53:53.622+01:00  INFO 22284 --- [backend] [restartedMain] o.a.c.c.C.[Tomcat].[localhost].[/]       : Initializing Spring embedded WebApplicationContext
2025-12-26T18:53:53.623+01:00  INFO 22284 --- [backend] [restartedMain] w.s.c.ServletWebServerApplicationContext : Root WebApplicationContext: initialization completed in 324 ms
2025-12-26T18:53:53.654+01:00  INFO 22284 --- [backend] [restartedMain] o.hibernate.jpa.internal.util.LogHelper  : HHH000204: Processing PersistenceUnitInfo [name: default]
2025-12-26T18:53:53.657+01:00  INFO 22284 --- [backend] [restartedMain] o.h.c.internal.RegionFactoryInitiator    : HHH000026: Second-level cache disabled
2025-12-26T18:53:53.667+01:00  INFO 22284 --- [backend] [restartedMain] o.s.o.j.p.SpringPersistenceUnitInfo      : No LoadTimeWeaver setup: ignoring JPA class transformer
2025-12-26T18:53:53.668+01:00  INFO 22284 --- [backend] [restartedMain] com.zaxxer.hikari.HikariDataSource       : HikariPool-2 - Starting...
2025-12-26T18:53:53.700+01:00  INFO 22284 --- [backend] [restartedMain] com.zaxxer.hikari.pool.HikariPool        : HikariPool-2 - Added connection org.postgresql.jdbc.PgConnection@1826034c
2025-12-26T18:53:53.701+01:00  INFO 22284 --- [backend] [restartedMain] com.zaxxer.hikari.HikariDataSource       : HikariPool-2 - Start completed.
2025-12-26T18:53:53.704+01:00  WARN 22284 --- [backend] [restartedMain] org.hibernate.orm.deprecation            : HHH90000025: PostgreSQLDialect does not need to be specified explicitly using 'hibernate.dialect' (remove the property setting and it will be selected by default)
2025-12-26T18:53:53.706+01:00  INFO 22284 --- [backend] [restartedMain] org.hibernate.orm.connections.pooling    : HHH10001005: Database info:
	Database JDBC URL [Connecting through datasource 'HikariDataSource (HikariPool-2)']
	Database driver: undefined/unknown
	Database version: 17.6
	Autocommit mode: undefined/unknown
	Isolation level: undefined/unknown
	Minimum pool size: undefined/unknown
	Maximum pool size: undefined/unknown
2025-12-26T18:53:53.747+01:00  INFO 22284 --- [backend] [restartedMain] o.h.e.t.j.p.i.JtaPlatformInitiator       : HHH000489: No JTA platform available (set 'hibernate.transaction.jta.platform' to enable JTA platform integration)
2025-12-26T18:53:53.770+01:00  INFO 22284 --- [backend] [restartedMain] j.LocalContainerEntityManagerFactoryBean : Initialized JPA EntityManagerFactory for persistence unit 'default'
2025-12-26T18:53:53.834+01:00  WARN 22284 --- [backend] [restartedMain] JpaBaseConfiguration$JpaWebConfiguration : spring.jpa.open-in-view is enabled by default. Therefore, database queries may be performed during view rendering. Explicitly configure spring.jpa.open-in-view to disable this warning
2025-12-26T18:53:53.843+01:00  WARN 22284 --- [backend] [restartedMain] .s.s.UserDetailsServiceAutoConfiguration : 

Using generated security password: 32940156-7161-4b98-9710-50430648eec3

This generated password is for development use only. Your security configuration must be updated before running your application in production.

2025-12-26T18:53:53.844+01:00  INFO 22284 --- [backend] [restartedMain] r$InitializeUserDetailsManagerConfigurer : Global AuthenticationManager configured with UserDetailsService bean with name inMemoryUserDetailsManager
2025-12-26T18:53:53.940+01:00  INFO 22284 --- [backend] [restartedMain] o.s.b.d.a.OptionalLiveReloadServer       : LiveReload server is running on port 35729
2025-12-26T18:53:53.951+01:00  INFO 22284 --- [backend] [restartedMain] o.s.b.w.embedded.tomcat.TomcatWebServer  : Tomcat started on port 8080 (http) with context path '/'
2025-12-26T18:53:53.956+01:00  INFO 22284 --- [backend] [restartedMain] c.trainhub.backend.BackendApplication    : Started BackendApplication in 0.699 seconds (process running for 1519.152)
2025-12-26T18:53:53.958+01:00  INFO 22284 --- [backend] [restartedMain] .ConditionEvaluationDeltaLoggingListener : Condition evaluation unchanged
2025-12-26T18:54:21.329+01:00  INFO 22284 --- [backend] [http-nio-8080-exec-2] o.a.c.c.C.[Tomcat].[localhost].[/]       : Initializing Spring DispatcherServlet 'dispatcherServlet'
2025-12-26T18:54:21.330+01:00  INFO 22284 --- [backend] [http-nio-8080-exec-2] o.s.web.servlet.DispatcherServlet        : Initializing Servlet 'dispatcherServlet'
2025-12-26T18:54:21.331+01:00  INFO 22284 --- [backend] [http-nio-8080-exec-2] o.s.web.servlet.DispatcherServlet        : Completed initialization in 1 ms
2025-12-26T18:54:21.429+01:00  INFO 22284 --- [backend] [http-nio-8080-exec-2] c.t.b.service.email.EmailServiceImpl     : Email de confirmación enviado a jssan.passesrez@example.com con token 0ddf3784-0f96-4fa8-a578-ef1d0014ebff
2025-12-26T18:58:36.041+01:00  INFO 22284 --- [backend] [File Watcher] rtingClassPathChangeChangedEventListener : Restarting due to 1 class path change (0 additions, 0 deletions, 1 modification)
2025-12-26T18:58:36.042+01:00  INFO 22284 --- [backend] [Thread-7] o.s.b.w.e.tomcat.GracefulShutdown        : Commencing graceful shutdown. Waiting for active requests to complete
2025-12-26T18:58:36.048+01:00  INFO 22284 --- [backend] [tomcat-shutdown] o.s.b.w.e.tomcat.GracefulShutdown        : Graceful shutdown complete
2025-12-26T18:58:36.050+01:00  INFO 22284 --- [backend] [Thread-7] j.LocalContainerEntityManagerFactoryBean : Closing JPA EntityManagerFactory for persistence unit 'default'
2025-12-26T18:58:36.051+01:00  INFO 22284 --- [backend] [Thread-7] com.zaxxer.hikari.HikariDataSource       : HikariPool-2 - Shutdown initiated...
2025-12-26T18:58:36.053+01:00  INFO 22284 --- [backend] [Thread-7] com.zaxxer.hikari.HikariDataSource       : HikariPool-2 - Shutdown completed.
2025-12-26T18:58:36.135+01:00  INFO 22284 --- [backend] [restartedMain] c.trainhub.backend.BackendApplication    : Starting BackendApplication using Java 23.0.1 with PID 22284 (C:\xxx\dev\tfg\repo\backend\target\classes started by 93ado in C:\xxx\dev\tfg\repo\backend)
2025-12-26T18:58:36.136+01:00  INFO 22284 --- [backend] [restartedMain] c.trainhub.backend.BackendApplication    : No active profile set, falling back to 1 default profile: "default"
2025-12-26T18:58:36.265+01:00  INFO 22284 --- [backend] [restartedMain] .s.d.r.c.RepositoryConfigurationDelegate : Bootstrapping Spring Data JPA repositories in DEFAULT mode.
2025-12-26T18:58:36.289+01:00  INFO 22284 --- [backend] [restartedMain] .s.d.r.c.RepositoryConfigurationDelegate : Finished Spring Data repository scanning in 14 ms. Found 1 JPA repository interface.
2025-12-26T18:58:36.367+01:00  INFO 22284 --- [backend] [restartedMain] o.s.b.w.embedded.tomcat.TomcatWebServer  : Tomcat initialized with port 8080 (http)
2025-12-26T18:58:36.370+01:00  INFO 22284 --- [backend] [restartedMain] o.apache.catalina.core.StandardService   : Starting service [Tomcat]
2025-12-26T18:58:36.370+01:00  INFO 22284 --- [backend] [restartedMain] o.apache.catalina.core.StandardEngine    : Starting Servlet engine: [Apache Tomcat/10.1.50]
2025-12-26T18:58:36.381+01:00  INFO 22284 --- [backend] [restartedMain] o.a.c.c.C.[Tomcat].[localhost].[/]       : Initializing Spring embedded WebApplicationContext
2025-12-26T18:58:36.381+01:00  INFO 22284 --- [backend] [restartedMain] w.s.c.ServletWebServerApplicationContext : Root WebApplicationContext: initialization completed in 244 ms
2025-12-26T18:58:36.411+01:00  INFO 22284 --- [backend] [restartedMain] o.hibernate.jpa.internal.util.LogHelper  : HHH000204: Processing PersistenceUnitInfo [name: default]
2025-12-26T18:58:36.414+01:00  INFO 22284 --- [backend] [restartedMain] o.h.c.internal.RegionFactoryInitiator    : HHH000026: Second-level cache disabled
2025-12-26T18:58:36.420+01:00  INFO 22284 --- [backend] [restartedMain] o.s.o.j.p.SpringPersistenceUnitInfo      : No LoadTimeWeaver setup: ignoring JPA class transformer
2025-12-26T18:58:36.421+01:00  INFO 22284 --- [backend] [restartedMain] com.zaxxer.hikari.HikariDataSource       : HikariPool-3 - Starting...
2025-12-26T18:58:36.452+01:00  INFO 22284 --- [backend] [restartedMain] com.zaxxer.hikari.pool.HikariPool        : HikariPool-3 - Added connection org.postgresql.jdbc.PgConnection@3348ac15
2025-12-26T18:58:36.452+01:00  INFO 22284 --- [backend] [restartedMain] com.zaxxer.hikari.HikariDataSource       : HikariPool-3 - Start completed.
2025-12-26T18:58:36.455+01:00  WARN 22284 --- [backend] [restartedMain] org.hibernate.orm.deprecation            : HHH90000025: PostgreSQLDialect does not need to be specified explicitly using 'hibernate.dialect' (remove the property setting and it will be selected by default)
2025-12-26T18:58:36.458+01:00  INFO 22284 --- [backend] [restartedMain] org.hibernate.orm.connections.pooling    : HHH10001005: Database info:
	Database JDBC URL [Connecting through datasource 'HikariDataSource (HikariPool-3)']
	Database driver: undefined/unknown
	Database version: 17.6
	Autocommit mode: undefined/unknown
	Isolation level: undefined/unknown
	Minimum pool size: undefined/unknown
	Maximum pool size: undefined/unknown
2025-12-26T18:58:36.492+01:00  INFO 22284 --- [backend] [restartedMain] o.h.e.t.j.p.i.JtaPlatformInitiator       : HHH000489: No JTA platform available (set 'hibernate.transaction.jta.platform' to enable JTA platform integration)
2025-12-26T18:58:36.513+01:00  INFO 22284 --- [backend] [restartedMain] j.LocalContainerEntityManagerFactoryBean : Initialized JPA EntityManagerFactory for persistence unit 'default'
2025-12-26T18:58:36.567+01:00  WARN 22284 --- [backend] [restartedMain] JpaBaseConfiguration$JpaWebConfiguration : spring.jpa.open-in-view is enabled by default. Therefore, database queries may be performed during view rendering. Explicitly configure spring.jpa.open-in-view to disable this warning
2025-12-26T18:58:36.572+01:00  WARN 22284 --- [backend] [restartedMain] .s.s.UserDetailsServiceAutoConfiguration : 

Using generated security password: eb59a0a5-d2d4-4a24-920f-6c53d4bf019c

This generated password is for development use only. Your security configuration must be updated before running your application in production.

2025-12-26T18:58:36.573+01:00  INFO 22284 --- [backend] [restartedMain] r$InitializeUserDetailsManagerConfigurer : Global AuthenticationManager configured with UserDetailsService bean with name inMemoryUserDetailsManager
2025-12-26T18:58:36.669+01:00  INFO 22284 --- [backend] [restartedMain] o.s.b.d.a.OptionalLiveReloadServer       : LiveReload server is running on port 35729
2025-12-26T18:58:36.676+01:00  INFO 22284 --- [backend] [restartedMain] o.s.b.w.embedded.tomcat.TomcatWebServer  : Tomcat started on port 8080 (http) with context path '/'
2025-12-26T18:58:36.680+01:00  INFO 22284 --- [backend] [restartedMain] c.trainhub.backend.BackendApplication    : Started BackendApplication in 0.568 seconds (process running for 1801.881)
2025-12-26T18:58:36.681+01:00  INFO 22284 --- [backend] [restartedMain] .ConditionEvaluationDeltaLoggingListener : Condition evaluation unchanged
2025-12-26T18:58:39.096+01:00  INFO 22284 --- [backend] [File Watcher] rtingClassPathChangeChangedEventListener : Restarting due to 1 class path change (0 additions, 0 deletions, 1 modification)
2025-12-26T18:58:39.097+01:00  INFO 22284 --- [backend] [Thread-11] o.s.b.w.e.tomcat.GracefulShutdown        : Commencing graceful shutdown. Waiting for active requests to complete
2025-12-26T18:58:39.102+01:00  INFO 22284 --- [backend] [tomcat-shutdown] o.s.b.w.e.tomcat.GracefulShutdown        : Graceful shutdown complete
2025-12-26T18:58:39.105+01:00  INFO 22284 --- [backend] [Thread-11] j.LocalContainerEntityManagerFactoryBean : Closing JPA EntityManagerFactory for persistence unit 'default'
2025-12-26T18:58:39.105+01:00  INFO 22284 --- [backend] [Thread-11] com.zaxxer.hikari.HikariDataSource       : HikariPool-3 - Shutdown initiated...
2025-12-26T18:58:39.108+01:00  INFO 22284 --- [backend] [Thread-11] com.zaxxer.hikari.HikariDataSource       : HikariPool-3 - Shutdown completed.
